Archive member included to satisfy reference by file (symbol)

/opt/setup/gcc-arm-none-eabi-5_4-2016q2/arm-none-eabi/lib/armv7-m/libc.a(lib_a-exit.o)
                              /opt/setup/gcc-arm-none-eabi-5_4-2016q2/bin/../lib/gcc/arm-none-eabi/5.4.1/../../../../arm-none-eabi/lib/armv7-m/crt0.o (exit)
/opt/setup/gcc-arm-none-eabi-5_4-2016q2/arm-none-eabi/lib/armv7-m/libc.a(lib_a-impure.o)
                              /opt/setup/gcc-arm-none-eabi-5_4-2016q2/arm-none-eabi/lib/armv7-m/libc.a(lib_a-exit.o) (_global_impure_ptr)
/opt/setup/gcc-arm-none-eabi-5_4-2016q2/arm-none-eabi/lib/armv7-m/libc.a(lib_a-init.o)
                              /opt/setup/gcc-arm-none-eabi-5_4-2016q2/bin/../lib/gcc/arm-none-eabi/5.4.1/../../../../arm-none-eabi/lib/armv7-m/crt0.o (__libc_init_array)
/opt/setup/gcc-arm-none-eabi-5_4-2016q2/arm-none-eabi/lib/armv7-m/libc.a(lib_a-memset.o)
                              /opt/setup/gcc-arm-none-eabi-5_4-2016q2/bin/../lib/gcc/arm-none-eabi/5.4.1/../../../../arm-none-eabi/lib/armv7-m/crt0.o (memset)
/opt/setup/gcc-arm-none-eabi-5_4-2016q2/arm-none-eabi/lib/armv7-m/libc.a(lib_a-__call_atexit.o)
                              /opt/setup/gcc-arm-none-eabi-5_4-2016q2/arm-none-eabi/lib/armv7-m/libc.a(lib_a-exit.o) (__call_exitprocs)
/opt/setup/gcc-arm-none-eabi-5_4-2016q2/arm-none-eabi/lib/armv7-m/libc.a(lib_a-atexit.o)
                              /opt/setup/gcc-arm-none-eabi-5_4-2016q2/arm-none-eabi/lib/armv7-m/libc.a(lib_a-__call_atexit.o) (atexit)
/opt/setup/gcc-arm-none-eabi-5_4-2016q2/arm-none-eabi/lib/armv7-m/libc.a(lib_a-fini.o)
                              /opt/setup/gcc-arm-none-eabi-5_4-2016q2/arm-none-eabi/lib/armv7-m/libc.a(lib_a-__call_atexit.o) (__libc_fini_array)
/opt/setup/gcc-arm-none-eabi-5_4-2016q2/arm-none-eabi/lib/armv7-m/libc.a(lib_a-__atexit.o)
                              /opt/setup/gcc-arm-none-eabi-5_4-2016q2/arm-none-eabi/lib/armv7-m/libc.a(lib_a-atexit.o) (__register_exitproc)
/opt/setup/gcc-arm-none-eabi-5_4-2016q2/bin/../lib/gcc/arm-none-eabi/5.4.1/armv7-m/libgcc.a(_aeabi_uldivmod.o)
                              system_LPC17xx.o (__aeabi_uldivmod)
/opt/setup/gcc-arm-none-eabi-5_4-2016q2/bin/../lib/gcc/arm-none-eabi/5.4.1/armv7-m/libgcc.a(_udivmoddi4.o)
                              /opt/setup/gcc-arm-none-eabi-5_4-2016q2/bin/../lib/gcc/arm-none-eabi/5.4.1/armv7-m/libgcc.a(_aeabi_uldivmod.o) (__udivmoddi4)
/opt/setup/gcc-arm-none-eabi-5_4-2016q2/bin/../lib/gcc/arm-none-eabi/5.4.1/armv7-m/libgcc.a(_dvmd_tls.o)
                              /opt/setup/gcc-arm-none-eabi-5_4-2016q2/bin/../lib/gcc/arm-none-eabi/5.4.1/armv7-m/libgcc.a(_aeabi_uldivmod.o) (__aeabi_ldiv0)

Discarded input sections

 .text          0x00000000        0x0 /opt/setup/gcc-arm-none-eabi-5_4-2016q2/bin/../lib/gcc/arm-none-eabi/5.4.1/armv7-m/crti.o
 .data          0x00000000        0x0 /opt/setup/gcc-arm-none-eabi-5_4-2016q2/bin/../lib/gcc/arm-none-eabi/5.4.1/armv7-m/crti.o
 .bss           0x00000000        0x0 /opt/setup/gcc-arm-none-eabi-5_4-2016q2/bin/../lib/gcc/arm-none-eabi/5.4.1/armv7-m/crti.o
 .data          0x00000000        0x4 /opt/setup/gcc-arm-none-eabi-5_4-2016q2/bin/../lib/gcc/arm-none-eabi/5.4.1/armv7-m/crtbegin.o
 .text          0x00000000       0x74 /opt/setup/gcc-arm-none-eabi-5_4-2016q2/bin/../lib/gcc/arm-none-eabi/5.4.1/../../../../arm-none-eabi/lib/armv7-m/crt0.o
 .data          0x00000000        0x0 /opt/setup/gcc-arm-none-eabi-5_4-2016q2/bin/../lib/gcc/arm-none-eabi/5.4.1/../../../../arm-none-eabi/lib/armv7-m/crt0.o
 .bss           0x00000000        0x0 /opt/setup/gcc-arm-none-eabi-5_4-2016q2/bin/../lib/gcc/arm-none-eabi/5.4.1/../../../../arm-none-eabi/lib/armv7-m/crt0.o
 .ARM.extab     0x00000000        0x0 /opt/setup/gcc-arm-none-eabi-5_4-2016q2/bin/../lib/gcc/arm-none-eabi/5.4.1/../../../../arm-none-eabi/lib/armv7-m/crt0.o
 .ARM.exidx     0x00000000        0x8 /opt/setup/gcc-arm-none-eabi-5_4-2016q2/bin/../lib/gcc/arm-none-eabi/5.4.1/../../../../arm-none-eabi/lib/armv7-m/crt0.o
 .ARM.attributes
                0x00000000       0x1b /opt/setup/gcc-arm-none-eabi-5_4-2016q2/bin/../lib/gcc/arm-none-eabi/5.4.1/../../../../arm-none-eabi/lib/armv7-m/crt0.o
 .text          0x00000000        0x0 main.o
 .data          0x00000000        0x0 main.o
 .bss           0x00000000        0x0 main.o
 .text          0x00000000        0x0 startup_LPC17xx.o
 .data          0x00000000        0x0 startup_LPC17xx.o
 .bss           0x00000000        0x0 startup_LPC17xx.o
 .text          0x00000000        0x0 system_LPC17xx.o
 .data          0x00000000        0x0 system_LPC17xx.o
 .bss           0x00000000        0x0 system_LPC17xx.o
 .data.SystemCoreClock
                0x00000000        0x4 system_LPC17xx.o
 .text.SystemCoreClockUpdate
                0x00000000      0x284 system_LPC17xx.o
 .text._exit    0x00000000        0xc system_LPC17xx.o
 .text.sw_delay
                0x00000000       0x40 system_LPC17xx.o
 .text          0x00000000        0x0 lcd.o
 .data          0x00000000        0x0 lcd.o
 .bss           0x00000000        0x0 lcd.o
 .text          0x00000000        0x0 keypad.o
 .data          0x00000000        0x0 keypad.o
 .bss           0x00000000        0x0 keypad.o
 .text          0x00000000        0x0 /opt/setup/gcc-arm-none-eabi-5_4-2016q2/arm-none-eabi/lib/armv7-m/libc.a(lib_a-exit.o)
 .data          0x00000000        0x0 /opt/setup/gcc-arm-none-eabi-5_4-2016q2/arm-none-eabi/lib/armv7-m/libc.a(lib_a-exit.o)
 .bss           0x00000000        0x0 /opt/setup/gcc-arm-none-eabi-5_4-2016q2/arm-none-eabi/lib/armv7-m/libc.a(lib_a-exit.o)
 .text.exit     0x00000000       0x20 /opt/setup/gcc-arm-none-eabi-5_4-2016q2/arm-none-eabi/lib/armv7-m/libc.a(lib_a-exit.o)
 .debug_frame   0x00000000       0x28 /opt/setup/gcc-arm-none-eabi-5_4-2016q2/arm-none-eabi/lib/armv7-m/libc.a(lib_a-exit.o)
 .ARM.attributes
                0x00000000       0x2d /opt/setup/gcc-arm-none-eabi-5_4-2016q2/arm-none-eabi/lib/armv7-m/libc.a(lib_a-exit.o)
 .text          0x00000000        0x0 /opt/setup/gcc-arm-none-eabi-5_4-2016q2/arm-none-eabi/lib/armv7-m/libc.a(lib_a-impure.o)
 .data          0x00000000        0x0 /opt/setup/gcc-arm-none-eabi-5_4-2016q2/arm-none-eabi/lib/armv7-m/libc.a(lib_a-impure.o)
 .bss           0x00000000        0x0 /opt/setup/gcc-arm-none-eabi-5_4-2016q2/arm-none-eabi/lib/armv7-m/libc.a(lib_a-impure.o)
 .data._impure_ptr
                0x00000000        0x4 /opt/setup/gcc-arm-none-eabi-5_4-2016q2/arm-none-eabi/lib/armv7-m/libc.a(lib_a-impure.o)
 .text          0x00000000        0x0 /opt/setup/gcc-arm-none-eabi-5_4-2016q2/arm-none-eabi/lib/armv7-m/libc.a(lib_a-init.o)
 .data          0x00000000        0x0 /opt/setup/gcc-arm-none-eabi-5_4-2016q2/arm-none-eabi/lib/armv7-m/libc.a(lib_a-init.o)
 .bss           0x00000000        0x0 /opt/setup/gcc-arm-none-eabi-5_4-2016q2/arm-none-eabi/lib/armv7-m/libc.a(lib_a-init.o)
 .text.__libc_init_array
                0x00000000       0x50 /opt/setup/gcc-arm-none-eabi-5_4-2016q2/arm-none-eabi/lib/armv7-m/libc.a(lib_a-init.o)
 .debug_frame   0x00000000       0x2c /opt/setup/gcc-arm-none-eabi-5_4-2016q2/arm-none-eabi/lib/armv7-m/libc.a(lib_a-init.o)
 .ARM.attributes
                0x00000000       0x2d /opt/setup/gcc-arm-none-eabi-5_4-2016q2/arm-none-eabi/lib/armv7-m/libc.a(lib_a-init.o)
 .text          0x00000000        0x0 /opt/setup/gcc-arm-none-eabi-5_4-2016q2/arm-none-eabi/lib/armv7-m/libc.a(lib_a-memset.o)
 .data          0x00000000        0x0 /opt/setup/gcc-arm-none-eabi-5_4-2016q2/arm-none-eabi/lib/armv7-m/libc.a(lib_a-memset.o)
 .bss           0x00000000        0x0 /opt/setup/gcc-arm-none-eabi-5_4-2016q2/arm-none-eabi/lib/armv7-m/libc.a(lib_a-memset.o)
 .text.memset   0x00000000       0x9c /opt/setup/gcc-arm-none-eabi-5_4-2016q2/arm-none-eabi/lib/armv7-m/libc.a(lib_a-memset.o)
 .debug_frame   0x00000000       0x34 /opt/setup/gcc-arm-none-eabi-5_4-2016q2/arm-none-eabi/lib/armv7-m/libc.a(lib_a-memset.o)
 .ARM.attributes
                0x00000000       0x2d /opt/setup/gcc-arm-none-eabi-5_4-2016q2/arm-none-eabi/lib/armv7-m/libc.a(lib_a-memset.o)
 .text          0x00000000        0x0 /opt/setup/gcc-arm-none-eabi-5_4-2016q2/arm-none-eabi/lib/armv7-m/libc.a(lib_a-__call_atexit.o)
 .data          0x00000000        0x0 /opt/setup/gcc-arm-none-eabi-5_4-2016q2/arm-none-eabi/lib/armv7-m/libc.a(lib_a-__call_atexit.o)
 .bss           0x00000000        0x0 /opt/setup/gcc-arm-none-eabi-5_4-2016q2/arm-none-eabi/lib/armv7-m/libc.a(lib_a-__call_atexit.o)
 .text.__call_exitprocs
                0x00000000       0xd8 /opt/setup/gcc-arm-none-eabi-5_4-2016q2/arm-none-eabi/lib/armv7-m/libc.a(lib_a-__call_atexit.o)
 .text          0x00000000        0x0 /opt/setup/gcc-arm-none-eabi-5_4-2016q2/arm-none-eabi/lib/armv7-m/libc.a(lib_a-atexit.o)
 .data          0x00000000        0x0 /opt/setup/gcc-arm-none-eabi-5_4-2016q2/arm-none-eabi/lib/armv7-m/libc.a(lib_a-atexit.o)
 .bss           0x00000000        0x0 /opt/setup/gcc-arm-none-eabi-5_4-2016q2/arm-none-eabi/lib/armv7-m/libc.a(lib_a-atexit.o)
 .text          0x00000000        0x0 /opt/setup/gcc-arm-none-eabi-5_4-2016q2/arm-none-eabi/lib/armv7-m/libc.a(lib_a-fini.o)
 .data          0x00000000        0x0 /opt/setup/gcc-arm-none-eabi-5_4-2016q2/arm-none-eabi/lib/armv7-m/libc.a(lib_a-fini.o)
 .bss           0x00000000        0x0 /opt/setup/gcc-arm-none-eabi-5_4-2016q2/arm-none-eabi/lib/armv7-m/libc.a(lib_a-fini.o)
 .text          0x00000000        0x0 /opt/setup/gcc-arm-none-eabi-5_4-2016q2/arm-none-eabi/lib/armv7-m/libc.a(lib_a-__atexit.o)
 .data          0x00000000        0x0 /opt/setup/gcc-arm-none-eabi-5_4-2016q2/arm-none-eabi/lib/armv7-m/libc.a(lib_a-__atexit.o)
 .bss           0x00000000        0x0 /opt/setup/gcc-arm-none-eabi-5_4-2016q2/arm-none-eabi/lib/armv7-m/libc.a(lib_a-__atexit.o)
 .text          0x00000000       0x30 /opt/setup/gcc-arm-none-eabi-5_4-2016q2/bin/../lib/gcc/arm-none-eabi/5.4.1/armv7-m/libgcc.a(_aeabi_uldivmod.o)
 .data          0x00000000        0x0 /opt/setup/gcc-arm-none-eabi-5_4-2016q2/bin/../lib/gcc/arm-none-eabi/5.4.1/armv7-m/libgcc.a(_aeabi_uldivmod.o)
 .bss           0x00000000        0x0 /opt/setup/gcc-arm-none-eabi-5_4-2016q2/bin/../lib/gcc/arm-none-eabi/5.4.1/armv7-m/libgcc.a(_aeabi_uldivmod.o)
 .debug_frame   0x00000000       0x2c /opt/setup/gcc-arm-none-eabi-5_4-2016q2/bin/../lib/gcc/arm-none-eabi/5.4.1/armv7-m/libgcc.a(_aeabi_uldivmod.o)
 .ARM.attributes
                0x00000000       0x1d /opt/setup/gcc-arm-none-eabi-5_4-2016q2/bin/../lib/gcc/arm-none-eabi/5.4.1/armv7-m/libgcc.a(_aeabi_uldivmod.o)
 .text          0x00000000      0x2ec /opt/setup/gcc-arm-none-eabi-5_4-2016q2/bin/../lib/gcc/arm-none-eabi/5.4.1/armv7-m/libgcc.a(_udivmoddi4.o)
 .data          0x00000000        0x0 /opt/setup/gcc-arm-none-eabi-5_4-2016q2/bin/../lib/gcc/arm-none-eabi/5.4.1/armv7-m/libgcc.a(_udivmoddi4.o)
 .bss           0x00000000        0x0 /opt/setup/gcc-arm-none-eabi-5_4-2016q2/bin/../lib/gcc/arm-none-eabi/5.4.1/armv7-m/libgcc.a(_udivmoddi4.o)
 .ARM.extab     0x00000000        0x0 /opt/setup/gcc-arm-none-eabi-5_4-2016q2/bin/../lib/gcc/arm-none-eabi/5.4.1/armv7-m/libgcc.a(_udivmoddi4.o)
 .ARM.exidx     0x00000000        0x8 /opt/setup/gcc-arm-none-eabi-5_4-2016q2/bin/../lib/gcc/arm-none-eabi/5.4.1/armv7-m/libgcc.a(_udivmoddi4.o)
 .debug_frame   0x00000000       0x38 /opt/setup/gcc-arm-none-eabi-5_4-2016q2/bin/../lib/gcc/arm-none-eabi/5.4.1/armv7-m/libgcc.a(_udivmoddi4.o)
 .ARM.attributes
                0x00000000       0x2d /opt/setup/gcc-arm-none-eabi-5_4-2016q2/bin/../lib/gcc/arm-none-eabi/5.4.1/armv7-m/libgcc.a(_udivmoddi4.o)
 .text          0x00000000        0x4 /opt/setup/gcc-arm-none-eabi-5_4-2016q2/bin/../lib/gcc/arm-none-eabi/5.4.1/armv7-m/libgcc.a(_dvmd_tls.o)
 .data          0x00000000        0x0 /opt/setup/gcc-arm-none-eabi-5_4-2016q2/bin/../lib/gcc/arm-none-eabi/5.4.1/armv7-m/libgcc.a(_dvmd_tls.o)
 .bss           0x00000000        0x0 /opt/setup/gcc-arm-none-eabi-5_4-2016q2/bin/../lib/gcc/arm-none-eabi/5.4.1/armv7-m/libgcc.a(_dvmd_tls.o)
 .ARM.attributes
                0x00000000       0x1d /opt/setup/gcc-arm-none-eabi-5_4-2016q2/bin/../lib/gcc/arm-none-eabi/5.4.1/armv7-m/libgcc.a(_dvmd_tls.o)
 .text          0x00000000        0x0 /opt/setup/gcc-arm-none-eabi-5_4-2016q2/bin/../lib/gcc/arm-none-eabi/5.4.1/armv7-m/crtend.o
 .data          0x00000000        0x0 /opt/setup/gcc-arm-none-eabi-5_4-2016q2/bin/../lib/gcc/arm-none-eabi/5.4.1/armv7-m/crtend.o
 .bss           0x00000000        0x0 /opt/setup/gcc-arm-none-eabi-5_4-2016q2/bin/../lib/gcc/arm-none-eabi/5.4.1/armv7-m/crtend.o
 .jcr           0x00000000        0x4 /opt/setup/gcc-arm-none-eabi-5_4-2016q2/bin/../lib/gcc/arm-none-eabi/5.4.1/armv7-m/crtend.o
 .text          0x00000000        0x0 /opt/setup/gcc-arm-none-eabi-5_4-2016q2/bin/../lib/gcc/arm-none-eabi/5.4.1/armv7-m/crtn.o
 .data          0x00000000        0x0 /opt/setup/gcc-arm-none-eabi-5_4-2016q2/bin/../lib/gcc/arm-none-eabi/5.4.1/armv7-m/crtn.o
 .bss           0x00000000        0x0 /opt/setup/gcc-arm-none-eabi-5_4-2016q2/bin/../lib/gcc/arm-none-eabi/5.4.1/armv7-m/crtn.o

Memory Configuration

Name             Origin             Length             Attributes
FLASH            0x00002000         0x0007e000         xr
RAM              0x100000c8         0x00007f38         xrw
USB_RAM          0x2007c000         0x00004000         xrw
ETH_RAM          0x20080000         0x00004000         xrw
*default*        0x00000000         0xffffffff

Linker script and memory map

LOAD /opt/setup/gcc-arm-none-eabi-5_4-2016q2/bin/../lib/gcc/arm-none-eabi/5.4.1/armv7-m/crti.o
LOAD /opt/setup/gcc-arm-none-eabi-5_4-2016q2/bin/../lib/gcc/arm-none-eabi/5.4.1/armv7-m/crtbegin.o
LOAD /opt/setup/gcc-arm-none-eabi-5_4-2016q2/bin/../lib/gcc/arm-none-eabi/5.4.1/../../../../arm-none-eabi/lib/armv7-m/crt0.o
LOAD main.o
LOAD startup_LPC17xx.o
LOAD system_LPC17xx.o
LOAD lcd.o
LOAD keypad.o
LOAD /opt/setup/gcc-arm-none-eabi-5_4-2016q2/arm-none-eabi/lib/armv7-m/libstdc++.a
LOAD /opt/setup/gcc-arm-none-eabi-5_4-2016q2/arm-none-eabi/lib/armv7-m/libsupc++.a
LOAD /opt/setup/gcc-arm-none-eabi-5_4-2016q2/arm-none-eabi/lib/armv7-m/libm.a
LOAD /opt/setup/gcc-arm-none-eabi-5_4-2016q2/arm-none-eabi/lib/armv7-m/libc.a
LOAD /opt/setup/gcc-arm-none-eabi-5_4-2016q2/arm-none-eabi/lib/armv7-m/libg.a
LOAD /opt/setup/gcc-arm-none-eabi-5_4-2016q2/arm-none-eabi/lib/armv7-m/libnosys.a
LOAD /opt/setup/gcc-arm-none-eabi-5_4-2016q2/arm-none-eabi/lib/armv7-m/libstdc++.a
LOAD /opt/setup/gcc-arm-none-eabi-5_4-2016q2/arm-none-eabi/lib/armv7-m/libsupc++.a
LOAD /opt/setup/gcc-arm-none-eabi-5_4-2016q2/arm-none-eabi/lib/armv7-m/libm.a
LOAD /opt/setup/gcc-arm-none-eabi-5_4-2016q2/arm-none-eabi/lib/armv7-m/libc.a
LOAD /opt/setup/gcc-arm-none-eabi-5_4-2016q2/arm-none-eabi/lib/armv7-m/libg.a
LOAD /opt/setup/gcc-arm-none-eabi-5_4-2016q2/arm-none-eabi/lib/armv7-m/libnosys.a
START GROUP
LOAD /opt/setup/gcc-arm-none-eabi-5_4-2016q2/bin/../lib/gcc/arm-none-eabi/5.4.1/armv7-m/libgcc.a
LOAD /opt/setup/gcc-arm-none-eabi-5_4-2016q2/arm-none-eabi/lib/armv7-m/libc.a
END GROUP
LOAD /opt/setup/gcc-arm-none-eabi-5_4-2016q2/bin/../lib/gcc/arm-none-eabi/5.4.1/armv7-m/crtend.o
LOAD /opt/setup/gcc-arm-none-eabi-5_4-2016q2/bin/../lib/gcc/arm-none-eabi/5.4.1/armv7-m/crtn.o

.text           0x00002000      0xa24
 *(.isr_vector)
 .isr_vector    0x00002000       0xc4 startup_LPC17xx.o
                0x00002000                g_pfnVectors
 *(.text*)
 .text          0x000020c4       0x5c /opt/setup/gcc-arm-none-eabi-5_4-2016q2/bin/../lib/gcc/arm-none-eabi/5.4.1/armv7-m/crtbegin.o
 .text.main     0x00002120       0x14 main.o
                0x00002120                main
 .text.Reset_Handler
                0x00002134       0x6c startup_LPC17xx.o
                0x00002134                Reset_Handler
 .text.Default_Handler
                0x000021a0        0x8 startup_LPC17xx.o
                0x000021a0                TIMER2_IRQHandler
                0x000021a0                DebugMon_Handler
                0x000021a0                RIT_IRQHandler
                0x000021a0                I2C0_IRQHandler
                0x000021a0                SysTick_Handler
                0x000021a0                PWM1_IRQHandler
                0x000021a0                PendSV_Handler
                0x000021a0                I2C1_IRQHandler
                0x000021a0                EINT2_IRQHandler
                0x000021a0                UART1_IRQHandler
                0x000021a0                EINT3_IRQHandler
                0x000021a0                TIMER3_IRQHandler
                0x000021a0                UART0_IRQHandler
                0x000021a0                UsageFault_Handler
                0x000021a0                PLL0_IRQHandler
                0x000021a0                CAN_IRQHandler
                0x000021a0                PLL1_IRQHandler
                0x000021a0                SSP0_IRQHandler
                0x000021a0                I2S_IRQHandler
                0x000021a0                I2C2_IRQHandler
                0x000021a0                RTC_IRQHandler
                0x000021a0                TIMER0_IRQHandler
                0x000021a0                SPI_IRQHandler
                0x000021a0                EINT1_IRQHandler
                0x000021a0                TIMER1_IRQHandler
                0x000021a0                UART2_IRQHandler
                0x000021a0                Default_Handler
                0x000021a0                ADC_IRQHandler
                0x000021a0                SSP1_IRQHandler
                0x000021a0                USB_IRQHandler
                0x000021a0                BOD_IRQHandler
                0x000021a0                MemManage_Handler
                0x000021a0                WDT_IRQHandler
                0x000021a0                SVC_Handler
                0x000021a0                QEI_IRQHandler
                0x000021a0                EINT0_IRQHandler
                0x000021a0                DMA_IRQHandler
                0x000021a0                BusFault_Handler
                0x000021a0                UART3_IRQHandler
                0x000021a0                MCPWM_IRQHandler
                0x000021a0                ENET_IRQHandler
 .text.SystemInit
                0x000021a8      0x13c system_LPC17xx.o
                0x000021a8                SystemInit
 .text.rit_init
                0x000022e4       0x4c system_LPC17xx.o
                0x000022e4                rit_init
 .text.delay_ms
                0x00002330       0x6c system_LPC17xx.o
                0x00002330                delay_ms
 .text.lcd_init
                0x0000239c       0x50 lcd.o
                0x0000239c                lcd_init
 .text.lcd_write_nibble
                0x000023ec       0x74 lcd.o
                0x000023ec                lcd_write_nibble
 .text.lcd_write_byte
                0x00002460       0x48 lcd.o
                0x00002460                lcd_write_byte
 .text.lcd_busy_wait
                0x000024a8       0x58 lcd.o
                0x000024a8                lcd_busy_wait
 .text.lcd_puts
                0x00002500       0x48 lcd.o
                0x00002500                lcd_puts
 .text.keypad_init
                0x00002548       0x54 keypad.o
                0x00002548                keypad_init
 .text.key_fun  0x0000259c      0x378 keypad.o
                0x0000259c                key_fun
 .text.startup.register_fini
                0x00002914       0x14 /opt/setup/gcc-arm-none-eabi-5_4-2016q2/arm-none-eabi/lib/armv7-m/libc.a(lib_a-__call_atexit.o)
 .text.atexit   0x00002928        0xc /opt/setup/gcc-arm-none-eabi-5_4-2016q2/arm-none-eabi/lib/armv7-m/libc.a(lib_a-atexit.o)
                0x00002928                atexit
 .text.__libc_fini_array
                0x00002934       0x28 /opt/setup/gcc-arm-none-eabi-5_4-2016q2/arm-none-eabi/lib/armv7-m/libc.a(lib_a-fini.o)
                0x00002934                __libc_fini_array
 .text.__register_exitproc
                0x0000295c       0xa4 /opt/setup/gcc-arm-none-eabi-5_4-2016q2/arm-none-eabi/lib/armv7-m/libc.a(lib_a-__atexit.o)
                0x0000295c                __register_exitproc
 *(.init)
 .init          0x00002a00        0x4 /opt/setup/gcc-arm-none-eabi-5_4-2016q2/bin/../lib/gcc/arm-none-eabi/5.4.1/armv7-m/crti.o
                0x00002a00                _init
 .init          0x00002a04        0x8 /opt/setup/gcc-arm-none-eabi-5_4-2016q2/bin/../lib/gcc/arm-none-eabi/5.4.1/armv7-m/crtn.o
 *(.fini)
 .fini          0x00002a0c        0x4 /opt/setup/gcc-arm-none-eabi-5_4-2016q2/bin/../lib/gcc/arm-none-eabi/5.4.1/armv7-m/crti.o
                0x00002a0c                _fini
 .fini          0x00002a10        0x8 /opt/setup/gcc-arm-none-eabi-5_4-2016q2/bin/../lib/gcc/arm-none-eabi/5.4.1/armv7-m/crtn.o
 *crtbegin.o(.ctors)
 *crtbegin?.o(.ctors)
 *(EXCLUDE_FILE(*crtend.o *crtend?.o) .ctors)
 *(SORT(.ctors.*))
 *(.ctors)
 *crtbegin.o(.dtors)
 *crtbegin?.o(.dtors)
 *(EXCLUDE_FILE(*crtend.o *crtend?.o) .dtors)
 *(SORT(.dtors.*))
 *(.dtors)
 *(.rodata*)
 .rodata.str1.4
                0x00002a18        0x4 /opt/setup/gcc-arm-none-eabi-5_4-2016q2/arm-none-eabi/lib/armv7-m/libc.a(lib_a-impure.o)
                                  0x2 (size before relaxing)
 .rodata._global_impure_ptr
                0x00002a1c        0x4 /opt/setup/gcc-arm-none-eabi-5_4-2016q2/arm-none-eabi/lib/armv7-m/libc.a(lib_a-impure.o)
                0x00002a1c                _global_impure_ptr
 *(.eh_frame*)
 .eh_frame      0x00002a20        0x0 /opt/setup/gcc-arm-none-eabi-5_4-2016q2/bin/../lib/gcc/arm-none-eabi/5.4.1/armv7-m/crtbegin.o
 .eh_frame      0x00002a20        0x4 /opt/setup/gcc-arm-none-eabi-5_4-2016q2/bin/../lib/gcc/arm-none-eabi/5.4.1/armv7-m/crtend.o

.glue_7         0x00002a24        0x0
 .glue_7        0x00002a24        0x0 linker stubs

.glue_7t        0x00002a24        0x0
 .glue_7t       0x00002a24        0x0 linker stubs

.vfp11_veneer   0x00002a24        0x0
 .vfp11_veneer  0x00002a24        0x0 linker stubs

.v4_bx          0x00002a24        0x0
 .v4_bx         0x00002a24        0x0 linker stubs

.iplt           0x00002a24        0x0
 .iplt          0x00002a24        0x0 /opt/setup/gcc-arm-none-eabi-5_4-2016q2/bin/../lib/gcc/arm-none-eabi/5.4.1/armv7-m/crtbegin.o

.rel.dyn        0x00002a24        0x0
 .rel.iplt      0x00002a24        0x0 /opt/setup/gcc-arm-none-eabi-5_4-2016q2/bin/../lib/gcc/arm-none-eabi/5.4.1/armv7-m/crtbegin.o

.ARM.extab
 *(.ARM.extab* .gnu.linkonce.armextab.*)
                0x00002a24                __exidx_start = .

.ARM.exidx
 *(.ARM.exidx* .gnu.linkonce.armexidx.*)
                0x00002a24                __exidx_end = .
                0x00002a24                __etext = .
                0x00002a24                __sidata = __etext

.data           0x100000c8      0x434 load address 0x00002a24
                0x100000c8                __data_start__ = .
 *(vtable)
 *(.data*)
 .data.impure_data
                0x100000c8      0x428 /opt/setup/gcc-arm-none-eabi-5_4-2016q2/arm-none-eabi/lib/armv7-m/libc.a(lib_a-impure.o)
                0x100004f0                . = ALIGN (0x4)
                0x100004f0                PROVIDE (__preinit_array_start, .)
 *(.preinit_array)
                0x100004f0                PROVIDE (__preinit_array_end, .)
                0x100004f0                . = ALIGN (0x4)
                0x100004f0                PROVIDE (__init_array_start, .)
 *(SORT(.init_array.*))
 .init_array.00000
                0x100004f0        0x4 /opt/setup/gcc-arm-none-eabi-5_4-2016q2/arm-none-eabi/lib/armv7-m/libc.a(lib_a-__call_atexit.o)
 *(.init_array)
 .init_array    0x100004f4        0x4 /opt/setup/gcc-arm-none-eabi-5_4-2016q2/bin/../lib/gcc/arm-none-eabi/5.4.1/armv7-m/crtbegin.o
                0x100004f8                PROVIDE (__init_array_end, .)
                0x100004f8                . = ALIGN (0x4)
                0x100004f8                PROVIDE (__fini_array_start, .)
 *(SORT(.fini_array.*))
 *(.fini_array)
 .fini_array    0x100004f8        0x4 /opt/setup/gcc-arm-none-eabi-5_4-2016q2/bin/../lib/gcc/arm-none-eabi/5.4.1/armv7-m/crtbegin.o
                0x100004fc                PROVIDE (__fini_array_end, .)
                0x100004fc                . = ALIGN (0x4)
                0x100004fc                __data_end__ = .

.jcr            0x100004fc        0x0 load address 0x00002e58
 .jcr           0x100004fc        0x0 /opt/setup/gcc-arm-none-eabi-5_4-2016q2/bin/../lib/gcc/arm-none-eabi/5.4.1/armv7-m/crtbegin.o

.igot.plt       0x100004fc        0x0 load address 0x00002e58
 .igot.plt      0x100004fc        0x0 /opt/setup/gcc-arm-none-eabi-5_4-2016q2/bin/../lib/gcc/arm-none-eabi/5.4.1/armv7-m/crtbegin.o

.stackarea      0x100004fc      0x800 load address 0x00002e58
 .stackarea     0x100004fc      0x800 startup_LPC17xx.o
                0x100004fc                pulStack

.bss            0x10000cfc       0x1c load address 0x00003658
                0x10000cfc                __bss_start__ = .
 *(.bss*)
 .bss           0x10000cfc       0x1c /opt/setup/gcc-arm-none-eabi-5_4-2016q2/bin/../lib/gcc/arm-none-eabi/5.4.1/armv7-m/crtbegin.o
 *(COMMON)
                0x10000d18                __bss_end__ = .

.heap           0x10000d18        0x0
                0x10000d18                __end__ = .
                0x10000d18                end = __end__
 *(.heap*)
                0x10000d18                __HeapLimit = .

.stack_dummy    0x10000d18        0x0
 *(.stack)
                0x10008000                __StackTop = (ORIGIN (RAM) + LENGTH (RAM))
                0x10008000                __StackLimit = (__StackTop - SIZEOF (.stack_dummy))
                0x10008000                PROVIDE (__stack, __StackTop)
                0x00000001                ASSERT ((__StackLimit >= __HeapLimit), region RAM overflowed with stack)
OUTPUT(basic.elf elf32-littlearm)

.ARM.attributes
                0x00000000       0x29
 .ARM.attributes
                0x00000000       0x1d /opt/setup/gcc-arm-none-eabi-5_4-2016q2/bin/../lib/gcc/arm-none-eabi/5.4.1/armv7-m/crti.o
 .ARM.attributes
                0x0000001d       0x2d /opt/setup/gcc-arm-none-eabi-5_4-2016q2/bin/../lib/gcc/arm-none-eabi/5.4.1/armv7-m/crtbegin.o
 .ARM.attributes
                0x0000004a       0x33 main.o
 .ARM.attributes
                0x0000007d       0x33 startup_LPC17xx.o
 .ARM.attributes
                0x000000b0       0x33 system_LPC17xx.o
 .ARM.attributes
                0x000000e3       0x33 lcd.o
 .ARM.attributes
                0x00000116       0x33 keypad.o
 .ARM.attributes
                0x00000149       0x2d /opt/setup/gcc-arm-none-eabi-5_4-2016q2/arm-none-eabi/lib/armv7-m/libc.a(lib_a-impure.o)
 .ARM.attributes
                0x00000176       0x2d /opt/setup/gcc-arm-none-eabi-5_4-2016q2/arm-none-eabi/lib/armv7-m/libc.a(lib_a-__call_atexit.o)
 .ARM.attributes
                0x000001a3       0x2d /opt/setup/gcc-arm-none-eabi-5_4-2016q2/arm-none-eabi/lib/armv7-m/libc.a(lib_a-atexit.o)
 .ARM.attributes
                0x000001d0       0x2d /opt/setup/gcc-arm-none-eabi-5_4-2016q2/arm-none-eabi/lib/armv7-m/libc.a(lib_a-fini.o)
 .ARM.attributes
                0x000001fd       0x2d /opt/setup/gcc-arm-none-eabi-5_4-2016q2/arm-none-eabi/lib/armv7-m/libc.a(lib_a-__atexit.o)
 .ARM.attributes
                0x0000022a       0x2d /opt/setup/gcc-arm-none-eabi-5_4-2016q2/bin/../lib/gcc/arm-none-eabi/5.4.1/armv7-m/crtend.o
 .ARM.attributes
                0x00000257       0x1d /opt/setup/gcc-arm-none-eabi-5_4-2016q2/bin/../lib/gcc/arm-none-eabi/5.4.1/armv7-m/crtn.o

.comment        0x00000000       0x6e
 .comment       0x00000000       0x6e main.o
                                 0x6f (size before relaxing)
 .comment       0x0000006e       0x6f startup_LPC17xx.o
 .comment       0x0000006e       0x6f system_LPC17xx.o
 .comment       0x0000006e       0x6f lcd.o
 .comment       0x0000006e       0x6f keypad.o

.debug_frame    0x00000000       0xd8
 .debug_frame   0x00000000       0x50 /opt/setup/gcc-arm-none-eabi-5_4-2016q2/arm-none-eabi/lib/armv7-m/libc.a(lib_a-__call_atexit.o)
 .debug_frame   0x00000050       0x20 /opt/setup/gcc-arm-none-eabi-5_4-2016q2/arm-none-eabi/lib/armv7-m/libc.a(lib_a-atexit.o)
 .debug_frame   0x00000070       0x34 /opt/setup/gcc-arm-none-eabi-5_4-2016q2/arm-none-eabi/lib/armv7-m/libc.a(lib_a-fini.o)
 .debug_frame   0x000000a4       0x34 /opt/setup/gcc-arm-none-eabi-5_4-2016q2/arm-none-eabi/lib/armv7-m/libc.a(lib_a-__atexit.o)
