Archive member included to satisfy reference by file (symbol)

/opt/setup/gcc-arm-none-eabi-5_4-2016q2/arm-none-eabi/lib/armv7-m/libc.a(lib_a-exit.o)
                              /opt/setup/gcc-arm-none-eabi-5_4-2016q2/bin/../lib/gcc/arm-none-eabi/5.4.1/../../../../arm-none-eabi/lib/armv7-m/crt0.o (exit)
/opt/setup/gcc-arm-none-eabi-5_4-2016q2/arm-none-eabi/lib/armv7-m/libc.a(lib_a-impure.o)
                              /opt/setup/gcc-arm-none-eabi-5_4-2016q2/arm-none-eabi/lib/armv7-m/libc.a(lib_a-exit.o) (_global_impure_ptr)
/opt/setup/gcc-arm-none-eabi-5_4-2016q2/arm-none-eabi/lib/armv7-m/libc.a(lib_a-init.o)
                              /opt/setup/gcc-arm-none-eabi-5_4-2016q2/bin/../lib/gcc/arm-none-eabi/5.4.1/../../../../arm-none-eabi/lib/armv7-m/crt0.o (__libc_init_array)
/opt/setup/gcc-arm-none-eabi-5_4-2016q2/arm-none-eabi/lib/armv7-m/libc.a(lib_a-memset.o)
                              /opt/setup/gcc-arm-none-eabi-5_4-2016q2/bin/../lib/gcc/arm-none-eabi/5.4.1/../../../../arm-none-eabi/lib/armv7-m/crt0.o (memset)
/opt/setup/gcc-arm-none-eabi-5_4-2016q2/arm-none-eabi/lib/armv7-m/libc.a(lib_a-strlen-stub.o)
                              uart.o (strlen)
/opt/setup/gcc-arm-none-eabi-5_4-2016q2/arm-none-eabi/lib/armv7-m/libc.a(lib_a-strncmp.o)
                              uart.o (strncmp)
/opt/setup/gcc-arm-none-eabi-5_4-2016q2/arm-none-eabi/lib/armv7-m/libc.a(lib_a-__call_atexit.o)
                              /opt/setup/gcc-arm-none-eabi-5_4-2016q2/arm-none-eabi/lib/armv7-m/libc.a(lib_a-exit.o) (__call_exitprocs)
/opt/setup/gcc-arm-none-eabi-5_4-2016q2/arm-none-eabi/lib/armv7-m/libc.a(lib_a-atexit.o)
                              /opt/setup/gcc-arm-none-eabi-5_4-2016q2/arm-none-eabi/lib/armv7-m/libc.a(lib_a-__call_atexit.o) (atexit)
/opt/setup/gcc-arm-none-eabi-5_4-2016q2/arm-none-eabi/lib/armv7-m/libc.a(lib_a-fini.o)
                              /opt/setup/gcc-arm-none-eabi-5_4-2016q2/arm-none-eabi/lib/armv7-m/libc.a(lib_a-__call_atexit.o) (__libc_fini_array)
/opt/setup/gcc-arm-none-eabi-5_4-2016q2/arm-none-eabi/lib/armv7-m/libc.a(lib_a-__atexit.o)
                              /opt/setup/gcc-arm-none-eabi-5_4-2016q2/arm-none-eabi/lib/armv7-m/libc.a(lib_a-atexit.o) (__register_exitproc)
/opt/setup/gcc-arm-none-eabi-5_4-2016q2/bin/../lib/gcc/arm-none-eabi/5.4.1/armv7-m/libgcc.a(_aeabi_uldivmod.o)
                              system_LPC17xx.o (__aeabi_uldivmod)
/opt/setup/gcc-arm-none-eabi-5_4-2016q2/bin/../lib/gcc/arm-none-eabi/5.4.1/armv7-m/libgcc.a(_udivmoddi4.o)
                              /opt/setup/gcc-arm-none-eabi-5_4-2016q2/bin/../lib/gcc/arm-none-eabi/5.4.1/armv7-m/libgcc.a(_aeabi_uldivmod.o) (__udivmoddi4)
/opt/setup/gcc-arm-none-eabi-5_4-2016q2/bin/../lib/gcc/arm-none-eabi/5.4.1/armv7-m/libgcc.a(_dvmd_tls.o)
                              /opt/setup/gcc-arm-none-eabi-5_4-2016q2/bin/../lib/gcc/arm-none-eabi/5.4.1/armv7-m/libgcc.a(_aeabi_uldivmod.o) (__aeabi_ldiv0)

Discarded input sections

 .text          0x00000000        0x0 /opt/setup/gcc-arm-none-eabi-5_4-2016q2/bin/../lib/gcc/arm-none-eabi/5.4.1/armv7-m/crti.o
 .data          0x00000000        0x0 /opt/setup/gcc-arm-none-eabi-5_4-2016q2/bin/../lib/gcc/arm-none-eabi/5.4.1/armv7-m/crti.o
 .bss           0x00000000        0x0 /opt/setup/gcc-arm-none-eabi-5_4-2016q2/bin/../lib/gcc/arm-none-eabi/5.4.1/armv7-m/crti.o
 .data          0x00000000        0x4 /opt/setup/gcc-arm-none-eabi-5_4-2016q2/bin/../lib/gcc/arm-none-eabi/5.4.1/armv7-m/crtbegin.o
 .text          0x00000000       0x74 /opt/setup/gcc-arm-none-eabi-5_4-2016q2/bin/../lib/gcc/arm-none-eabi/5.4.1/../../../../arm-none-eabi/lib/armv7-m/crt0.o
 .data          0x00000000        0x0 /opt/setup/gcc-arm-none-eabi-5_4-2016q2/bin/../lib/gcc/arm-none-eabi/5.4.1/../../../../arm-none-eabi/lib/armv7-m/crt0.o
 .bss           0x00000000        0x0 /opt/setup/gcc-arm-none-eabi-5_4-2016q2/bin/../lib/gcc/arm-none-eabi/5.4.1/../../../../arm-none-eabi/lib/armv7-m/crt0.o
 .ARM.extab     0x00000000        0x0 /opt/setup/gcc-arm-none-eabi-5_4-2016q2/bin/../lib/gcc/arm-none-eabi/5.4.1/../../../../arm-none-eabi/lib/armv7-m/crt0.o
 .ARM.exidx     0x00000000        0x8 /opt/setup/gcc-arm-none-eabi-5_4-2016q2/bin/../lib/gcc/arm-none-eabi/5.4.1/../../../../arm-none-eabi/lib/armv7-m/crt0.o
 .ARM.attributes
                0x00000000       0x1b /opt/setup/gcc-arm-none-eabi-5_4-2016q2/bin/../lib/gcc/arm-none-eabi/5.4.1/../../../../arm-none-eabi/lib/armv7-m/crt0.o
 .text          0x00000000        0x0 main.o
 .data          0x00000000        0x0 main.o
 .bss           0x00000000        0x0 main.o
 .text          0x00000000        0x0 startup_LPC17xx.o
 .data          0x00000000        0x0 startup_LPC17xx.o
 .bss           0x00000000        0x0 startup_LPC17xx.o
 .text          0x00000000        0x0 system_LPC17xx.o
 .data          0x00000000        0x0 system_LPC17xx.o
 .bss           0x00000000        0x0 system_LPC17xx.o
 .data.SystemCoreClock
                0x00000000        0x4 system_LPC17xx.o
 .text.SystemCoreClockUpdate
                0x00000000      0x284 system_LPC17xx.o
 .text._exit    0x00000000        0xc system_LPC17xx.o
 .text.sw_delay
                0x00000000       0x40 system_LPC17xx.o
 .text.delay_ms
                0x00000000       0x6c system_LPC17xx.o
 .text          0x00000000        0x0 keypad.o
 .data          0x00000000        0x0 keypad.o
 .bss           0x00000000        0x0 keypad.o
 .text          0x00000000        0x0 lcd.o
 .data          0x00000000        0x0 lcd.o
 .bss           0x00000000        0x0 lcd.o
 .text.lcd_init
                0x00000000       0x50 lcd.o
 .text.lcd_write_nibble
                0x00000000       0x74 lcd.o
 .text.lcd_write_byte
                0x00000000       0x48 lcd.o
 .text.lcd_busy_wait
                0x00000000       0x58 lcd.o
 .text.lcd_puts
                0x00000000       0x40 lcd.o
 .comment       0x00000000       0x6f lcd.o
 .ARM.attributes
                0x00000000       0x33 lcd.o
 .text          0x00000000        0x0 uart.o
 .data          0x00000000        0x0 uart.o
 .bss           0x00000000        0x0 uart.o
 .text.uart0_gets_busy_wait
                0x00000000       0x1c uart.o
 .text.uart0_gets
                0x00000000       0x34 uart.o
 .text          0x00000000        0x0 /opt/setup/gcc-arm-none-eabi-5_4-2016q2/arm-none-eabi/lib/armv7-m/libc.a(lib_a-exit.o)
 .data          0x00000000        0x0 /opt/setup/gcc-arm-none-eabi-5_4-2016q2/arm-none-eabi/lib/armv7-m/libc.a(lib_a-exit.o)
 .bss           0x00000000        0x0 /opt/setup/gcc-arm-none-eabi-5_4-2016q2/arm-none-eabi/lib/armv7-m/libc.a(lib_a-exit.o)
 .text.exit     0x00000000       0x20 /opt/setup/gcc-arm-none-eabi-5_4-2016q2/arm-none-eabi/lib/armv7-m/libc.a(lib_a-exit.o)
 .debug_frame   0x00000000       0x28 /opt/setup/gcc-arm-none-eabi-5_4-2016q2/arm-none-eabi/lib/armv7-m/libc.a(lib_a-exit.o)
 .ARM.attributes
                0x00000000       0x2d /opt/setup/gcc-arm-none-eabi-5_4-2016q2/arm-none-eabi/lib/armv7-m/libc.a(lib_a-exit.o)
 .text          0x00000000        0x0 /opt/setup/gcc-arm-none-eabi-5_4-2016q2/arm-none-eabi/lib/armv7-m/libc.a(lib_a-impure.o)
 .data          0x00000000        0x0 /opt/setup/gcc-arm-none-eabi-5_4-2016q2/arm-none-eabi/lib/armv7-m/libc.a(lib_a-impure.o)
 .bss           0x00000000        0x0 /opt/setup/gcc-arm-none-eabi-5_4-2016q2/arm-none-eabi/lib/armv7-m/libc.a(lib_a-impure.o)
 .data._impure_ptr
                0x00000000        0x4 /opt/setup/gcc-arm-none-eabi-5_4-2016q2/arm-none-eabi/lib/armv7-m/libc.a(lib_a-impure.o)
 .text          0x00000000        0x0 /opt/setup/gcc-arm-none-eabi-5_4-2016q2/arm-none-eabi/lib/armv7-m/libc.a(lib_a-init.o)
 .data          0x00000000        0x0 /opt/setup/gcc-arm-none-eabi-5_4-2016q2/arm-none-eabi/lib/armv7-m/libc.a(lib_a-init.o)
 .bss           0x00000000        0x0 /opt/setup/gcc-arm-none-eabi-5_4-2016q2/arm-none-eabi/lib/armv7-m/libc.a(lib_a-init.o)
 .text.__libc_init_array
                0x00000000       0x50 /opt/setup/gcc-arm-none-eabi-5_4-2016q2/arm-none-eabi/lib/armv7-m/libc.a(lib_a-init.o)
 .debug_frame   0x00000000       0x2c /opt/setup/gcc-arm-none-eabi-5_4-2016q2/arm-none-eabi/lib/armv7-m/libc.a(lib_a-init.o)
 .ARM.attributes
                0x00000000       0x2d /opt/setup/gcc-arm-none-eabi-5_4-2016q2/arm-none-eabi/lib/armv7-m/libc.a(lib_a-init.o)
 .text          0x00000000        0x0 /opt/setup/gcc-arm-none-eabi-5_4-2016q2/arm-none-eabi/lib/armv7-m/libc.a(lib_a-memset.o)
 .data          0x00000000        0x0 /opt/setup/gcc-arm-none-eabi-5_4-2016q2/arm-none-eabi/lib/armv7-m/libc.a(lib_a-memset.o)
 .bss           0x00000000        0x0 /opt/setup/gcc-arm-none-eabi-5_4-2016q2/arm-none-eabi/lib/armv7-m/libc.a(lib_a-memset.o)
 .text.memset   0x00000000       0x9c /opt/setup/gcc-arm-none-eabi-5_4-2016q2/arm-none-eabi/lib/armv7-m/libc.a(lib_a-memset.o)
 .debug_frame   0x00000000       0x34 /opt/setup/gcc-arm-none-eabi-5_4-2016q2/arm-none-eabi/lib/armv7-m/libc.a(lib_a-memset.o)
 .ARM.attributes
                0x00000000       0x2d /opt/setup/gcc-arm-none-eabi-5_4-2016q2/arm-none-eabi/lib/armv7-m/libc.a(lib_a-memset.o)
 .text          0x00000000        0x0 /opt/setup/gcc-arm-none-eabi-5_4-2016q2/arm-none-eabi/lib/armv7-m/libc.a(lib_a-strlen-stub.o)
 .data          0x00000000        0x0 /opt/setup/gcc-arm-none-eabi-5_4-2016q2/arm-none-eabi/lib/armv7-m/libc.a(lib_a-strlen-stub.o)
 .bss           0x00000000        0x0 /opt/setup/gcc-arm-none-eabi-5_4-2016q2/arm-none-eabi/lib/armv7-m/libc.a(lib_a-strlen-stub.o)
 .text          0x00000000        0x0 /opt/setup/gcc-arm-none-eabi-5_4-2016q2/arm-none-eabi/lib/armv7-m/libc.a(lib_a-strncmp.o)
 .data          0x00000000        0x0 /opt/setup/gcc-arm-none-eabi-5_4-2016q2/arm-none-eabi/lib/armv7-m/libc.a(lib_a-strncmp.o)
 .bss           0x00000000        0x0 /opt/setup/gcc-arm-none-eabi-5_4-2016q2/arm-none-eabi/lib/armv7-m/libc.a(lib_a-strncmp.o)
 .text          0x00000000        0x0 /opt/setup/gcc-arm-none-eabi-5_4-2016q2/arm-none-eabi/lib/armv7-m/libc.a(lib_a-__call_atexit.o)
 .data          0x00000000        0x0 /opt/setup/gcc-arm-none-eabi-5_4-2016q2/arm-none-eabi/lib/armv7-m/libc.a(lib_a-__call_atexit.o)
 .bss           0x00000000        0x0 /opt/setup/gcc-arm-none-eabi-5_4-2016q2/arm-none-eabi/lib/armv7-m/libc.a(lib_a-__call_atexit.o)
 .text.__call_exitprocs
                0x00000000       0xd8 /opt/setup/gcc-arm-none-eabi-5_4-2016q2/arm-none-eabi/lib/armv7-m/libc.a(lib_a-__call_atexit.o)
 .text          0x00000000        0x0 /opt/setup/gcc-arm-none-eabi-5_4-2016q2/arm-none-eabi/lib/armv7-m/libc.a(lib_a-atexit.o)
 .data          0x00000000        0x0 /opt/setup/gcc-arm-none-eabi-5_4-2016q2/arm-none-eabi/lib/armv7-m/libc.a(lib_a-atexit.o)
 .bss           0x00000000        0x0 /opt/setup/gcc-arm-none-eabi-5_4-2016q2/arm-none-eabi/lib/armv7-m/libc.a(lib_a-atexit.o)
 .text          0x00000000        0x0 /opt/setup/gcc-arm-none-eabi-5_4-2016q2/arm-none-eabi/lib/armv7-m/libc.a(lib_a-fini.o)
 .data          0x00000000        0x0 /opt/setup/gcc-arm-none-eabi-5_4-2016q2/arm-none-eabi/lib/armv7-m/libc.a(lib_a-fini.o)
 .bss           0x00000000        0x0 /opt/setup/gcc-arm-none-eabi-5_4-2016q2/arm-none-eabi/lib/armv7-m/libc.a(lib_a-fini.o)
 .text          0x00000000        0x0 /opt/setup/gcc-arm-none-eabi-5_4-2016q2/arm-none-eabi/lib/armv7-m/libc.a(lib_a-__atexit.o)
 .data          0x00000000        0x0 /opt/setup/gcc-arm-none-eabi-5_4-2016q2/arm-none-eabi/lib/armv7-m/libc.a(lib_a-__atexit.o)
 .bss           0x00000000        0x0 /opt/setup/gcc-arm-none-eabi-5_4-2016q2/arm-none-eabi/lib/armv7-m/libc.a(lib_a-__atexit.o)
 .text          0x00000000       0x30 /opt/setup/gcc-arm-none-eabi-5_4-2016q2/bin/../lib/gcc/arm-none-eabi/5.4.1/armv7-m/libgcc.a(_aeabi_uldivmod.o)
 .data          0x00000000        0x0 /opt/setup/gcc-arm-none-eabi-5_4-2016q2/bin/../lib/gcc/arm-none-eabi/5.4.1/armv7-m/libgcc.a(_aeabi_uldivmod.o)
 .bss           0x00000000        0x0 /opt/setup/gcc-arm-none-eabi-5_4-2016q2/bin/../lib/gcc/arm-none-eabi/5.4.1/armv7-m/libgcc.a(_aeabi_uldivmod.o)
 .debug_frame   0x00000000       0x2c /opt/setup/gcc-arm-none-eabi-5_4-2016q2/bin/../lib/gcc/arm-none-eabi/5.4.1/armv7-m/libgcc.a(_aeabi_uldivmod.o)
 .ARM.attributes
                0x00000000       0x1d /opt/setup/gcc-arm-none-eabi-5_4-2016q2/bin/../lib/gcc/arm-none-eabi/5.4.1/armv7-m/libgcc.a(_aeabi_uldivmod.o)
 .text          0x00000000      0x2ec /opt/setup/gcc-arm-none-eabi-5_4-2016q2/bin/../lib/gcc/arm-none-eabi/5.4.1/armv7-m/libgcc.a(_udivmoddi4.o)
 .data          0x00000000        0x0 /opt/setup/gcc-arm-none-eabi-5_4-2016q2/bin/../lib/gcc/arm-none-eabi/5.4.1/armv7-m/libgcc.a(_udivmoddi4.o)
 .bss           0x00000000        0x0 /opt/setup/gcc-arm-none-eabi-5_4-2016q2/bin/../lib/gcc/arm-none-eabi/5.4.1/armv7-m/libgcc.a(_udivmoddi4.o)
 .ARM.extab     0x00000000        0x0 /opt/setup/gcc-arm-none-eabi-5_4-2016q2/bin/../lib/gcc/arm-none-eabi/5.4.1/armv7-m/libgcc.a(_udivmoddi4.o)
 .ARM.exidx     0x00000000        0x8 /opt/setup/gcc-arm-none-eabi-5_4-2016q2/bin/../lib/gcc/arm-none-eabi/5.4.1/armv7-m/libgcc.a(_udivmoddi4.o)
 .debug_frame   0x00000000       0x38 /opt/setup/gcc-arm-none-eabi-5_4-2016q2/bin/../lib/gcc/arm-none-eabi/5.4.1/armv7-m/libgcc.a(_udivmoddi4.o)
 .ARM.attributes
                0x00000000       0x2d /opt/setup/gcc-arm-none-eabi-5_4-2016q2/bin/../lib/gcc/arm-none-eabi/5.4.1/armv7-m/libgcc.a(_udivmoddi4.o)
 .text          0x00000000        0x4 /opt/setup/gcc-arm-none-eabi-5_4-2016q2/bin/../lib/gcc/arm-none-eabi/5.4.1/armv7-m/libgcc.a(_dvmd_tls.o)
 .data          0x00000000        0x0 /opt/setup/gcc-arm-none-eabi-5_4-2016q2/bin/../lib/gcc/arm-none-eabi/5.4.1/armv7-m/libgcc.a(_dvmd_tls.o)
 .bss           0x00000000        0x0 /opt/setup/gcc-arm-none-eabi-5_4-2016q2/bin/../lib/gcc/arm-none-eabi/5.4.1/armv7-m/libgcc.a(_dvmd_tls.o)
 .ARM.attributes
                0x00000000       0x1d /opt/setup/gcc-arm-none-eabi-5_4-2016q2/bin/../lib/gcc/arm-none-eabi/5.4.1/armv7-m/libgcc.a(_dvmd_tls.o)
 .text          0x00000000        0x0 /opt/setup/gcc-arm-none-eabi-5_4-2016q2/bin/../lib/gcc/arm-none-eabi/5.4.1/armv7-m/crtend.o
 .data          0x00000000        0x0 /opt/setup/gcc-arm-none-eabi-5_4-2016q2/bin/../lib/gcc/arm-none-eabi/5.4.1/armv7-m/crtend.o
 .bss           0x00000000        0x0 /opt/setup/gcc-arm-none-eabi-5_4-2016q2/bin/../lib/gcc/arm-none-eabi/5.4.1/armv7-m/crtend.o
 .jcr           0x00000000        0x4 /opt/setup/gcc-arm-none-eabi-5_4-2016q2/bin/../lib/gcc/arm-none-eabi/5.4.1/armv7-m/crtend.o
 .text          0x00000000        0x0 /opt/setup/gcc-arm-none-eabi-5_4-2016q2/bin/../lib/gcc/arm-none-eabi/5.4.1/armv7-m/crtn.o
 .data          0x00000000        0x0 /opt/setup/gcc-arm-none-eabi-5_4-2016q2/bin/../lib/gcc/arm-none-eabi/5.4.1/armv7-m/crtn.o
 .bss           0x00000000        0x0 /opt/setup/gcc-arm-none-eabi-5_4-2016q2/bin/../lib/gcc/arm-none-eabi/5.4.1/armv7-m/crtn.o

Memory Configuration

Name             Origin             Length             Attributes
FLASH            0x00002000         0x0007e000         xr
RAM              0x100000c8         0x00007f38         xrw
USB_RAM          0x2007c000         0x00004000         xrw
ETH_RAM          0x20080000         0x00004000         xrw
*default*        0x00000000         0xffffffff

Linker script and memory map

LOAD /opt/setup/gcc-arm-none-eabi-5_4-2016q2/bin/../lib/gcc/arm-none-eabi/5.4.1/armv7-m/crti.o
LOAD /opt/setup/gcc-arm-none-eabi-5_4-2016q2/bin/../lib/gcc/arm-none-eabi/5.4.1/armv7-m/crtbegin.o
LOAD /opt/setup/gcc-arm-none-eabi-5_4-2016q2/bin/../lib/gcc/arm-none-eabi/5.4.1/../../../../arm-none-eabi/lib/armv7-m/crt0.o
LOAD main.o
LOAD startup_LPC17xx.o
LOAD system_LPC17xx.o
LOAD keypad.o
LOAD lcd.o
LOAD uart.o
LOAD /opt/setup/gcc-arm-none-eabi-5_4-2016q2/arm-none-eabi/lib/armv7-m/libstdc++.a
LOAD /opt/setup/gcc-arm-none-eabi-5_4-2016q2/arm-none-eabi/lib/armv7-m/libsupc++.a
LOAD /opt/setup/gcc-arm-none-eabi-5_4-2016q2/arm-none-eabi/lib/armv7-m/libm.a
LOAD /opt/setup/gcc-arm-none-eabi-5_4-2016q2/arm-none-eabi/lib/armv7-m/libc.a
LOAD /opt/setup/gcc-arm-none-eabi-5_4-2016q2/arm-none-eabi/lib/armv7-m/libg.a
LOAD /opt/setup/gcc-arm-none-eabi-5_4-2016q2/arm-none-eabi/lib/armv7-m/libnosys.a
LOAD /opt/setup/gcc-arm-none-eabi-5_4-2016q2/arm-none-eabi/lib/armv7-m/libstdc++.a
LOAD /opt/setup/gcc-arm-none-eabi-5_4-2016q2/arm-none-eabi/lib/armv7-m/libsupc++.a
LOAD /opt/setup/gcc-arm-none-eabi-5_4-2016q2/arm-none-eabi/lib/armv7-m/libm.a
LOAD /opt/setup/gcc-arm-none-eabi-5_4-2016q2/arm-none-eabi/lib/armv7-m/libc.a
LOAD /opt/setup/gcc-arm-none-eabi-5_4-2016q2/arm-none-eabi/lib/armv7-m/libg.a
LOAD /opt/setup/gcc-arm-none-eabi-5_4-2016q2/arm-none-eabi/lib/armv7-m/libnosys.a
START GROUP
LOAD /opt/setup/gcc-arm-none-eabi-5_4-2016q2/bin/../lib/gcc/arm-none-eabi/5.4.1/armv7-m/libgcc.a
LOAD /opt/setup/gcc-arm-none-eabi-5_4-2016q2/arm-none-eabi/lib/armv7-m/libc.a
END GROUP
LOAD /opt/setup/gcc-arm-none-eabi-5_4-2016q2/bin/../lib/gcc/arm-none-eabi/5.4.1/armv7-m/crtend.o
LOAD /opt/setup/gcc-arm-none-eabi-5_4-2016q2/bin/../lib/gcc/arm-none-eabi/5.4.1/armv7-m/crtn.o

.text           0x00002000     0x195c
 *(.isr_vector)
 .isr_vector    0x00002000       0xc4 startup_LPC17xx.o
                0x00002000                g_pfnVectors
 *(.text*)
 .text          0x000020c4       0x5c /opt/setup/gcc-arm-none-eabi-5_4-2016q2/bin/../lib/gcc/arm-none-eabi/5.4.1/armv7-m/crtbegin.o
 .text.main     0x00002120       0x50 main.o
                0x00002120                main
 .text.Reset_Handler
                0x00002170       0x6c startup_LPC17xx.o
                0x00002170                Reset_Handler
 .text.Default_Handler
                0x000021dc        0x8 startup_LPC17xx.o
                0x000021dc                TIMER2_IRQHandler
                0x000021dc                DebugMon_Handler
                0x000021dc                RIT_IRQHandler
                0x000021dc                I2C0_IRQHandler
                0x000021dc                SysTick_Handler
                0x000021dc                PWM1_IRQHandler
                0x000021dc                PendSV_Handler
                0x000021dc                I2C1_IRQHandler
                0x000021dc                EINT2_IRQHandler
                0x000021dc                UART1_IRQHandler
                0x000021dc                EINT3_IRQHandler
                0x000021dc                TIMER3_IRQHandler
                0x000021dc                UsageFault_Handler
                0x000021dc                PLL0_IRQHandler
                0x000021dc                CAN_IRQHandler
                0x000021dc                PLL1_IRQHandler
                0x000021dc                SSP0_IRQHandler
                0x000021dc                I2S_IRQHandler
                0x000021dc                I2C2_IRQHandler
                0x000021dc                RTC_IRQHandler
                0x000021dc                TIMER0_IRQHandler
                0x000021dc                SPI_IRQHandler
                0x000021dc                EINT1_IRQHandler
                0x000021dc                TIMER1_IRQHandler
                0x000021dc                UART2_IRQHandler
                0x000021dc                Default_Handler
                0x000021dc                ADC_IRQHandler
                0x000021dc                SSP1_IRQHandler
                0x000021dc                USB_IRQHandler
                0x000021dc                BOD_IRQHandler
                0x000021dc                MemManage_Handler
                0x000021dc                WDT_IRQHandler
                0x000021dc                SVC_Handler
                0x000021dc                QEI_IRQHandler
                0x000021dc                EINT0_IRQHandler
                0x000021dc                DMA_IRQHandler
                0x000021dc                BusFault_Handler
                0x000021dc                MCPWM_IRQHandler
                0x000021dc                ENET_IRQHandler
 .text.SystemInit
                0x000021e4      0x13c system_LPC17xx.o
                0x000021e4                SystemInit
 .text.rit_init
                0x00002320       0x4c system_LPC17xx.o
                0x00002320                rit_init
 .text.keypad_init
                0x0000236c       0x38 keypad.o
                0x0000236c                keypad_init
 .text.key_fun  0x000023a4      0x258 keypad.o
                0x000023a4                key_fun
 .text.NVIC_EnableIRQ
                0x000025fc       0x30 uart.o
 .text.uart_init
                0x0000262c      0x104 uart.o
                0x0000262c                uart_init
 .text.uart_puts_busy_wait
                0x00002730       0x1c uart.o
                0x00002730                uart_puts_busy_wait
 .text.uart_gets_busy_wait
                0x0000274c       0x1c uart.o
                0x0000274c                uart_gets_busy_wait
 .text.uart_puts
                0x00002768       0x4c uart.o
                0x00002768                uart_puts
 .text.uart_gets
                0x000027b4       0x34 uart.o
                0x000027b4                uart_gets
 .text.uart_tx_isr
                0x000027e8       0x4c uart.o
                0x000027e8                uart_tx_isr
 .text.uart_rx_isr
                0x00002834       0x38 uart.o
                0x00002834                uart_rx_isr
 .text.UART3_IRQHandler
                0x0000286c       0x4c uart.o
                0x0000286c                UART3_IRQHandler
 .text.uart0_puts_busy_wait
                0x000028b8       0x1c uart.o
                0x000028b8                uart0_puts_busy_wait
 .text.uart0_puts
                0x000028d4       0x4c uart.o
                0x000028d4                uart0_puts
 .text.uart0_tx_isr
                0x00002920       0x4c uart.o
                0x00002920                uart0_tx_isr
 .text.uart0_rx_isr
                0x0000296c       0x38 uart.o
                0x0000296c                uart0_rx_isr
 .text.UART0_IRQHandler
                0x000029a4       0x4c uart.o
                0x000029a4                UART0_IRQHandler
 .text.tag_compare
                0x000029f0      0x1cc uart.o
                0x000029f0                tag_compare
 .text.ration   0x00002bbc      0x5a4 uart.o
                0x00002bbc                ration
 .text.strlen   0x00003160       0x5c /opt/setup/gcc-arm-none-eabi-5_4-2016q2/arm-none-eabi/lib/armv7-m/libc.a(lib_a-strlen-stub.o)
                0x00003160                strlen
 .text.strncmp  0x000031bc       0x9c /opt/setup/gcc-arm-none-eabi-5_4-2016q2/arm-none-eabi/lib/armv7-m/libc.a(lib_a-strncmp.o)
                0x000031bc                strncmp
 .text.startup.register_fini
                0x00003258       0x14 /opt/setup/gcc-arm-none-eabi-5_4-2016q2/arm-none-eabi/lib/armv7-m/libc.a(lib_a-__call_atexit.o)
 .text.atexit   0x0000326c        0xc /opt/setup/gcc-arm-none-eabi-5_4-2016q2/arm-none-eabi/lib/armv7-m/libc.a(lib_a-atexit.o)
                0x0000326c                atexit
 .text.__libc_fini_array
                0x00003278       0x28 /opt/setup/gcc-arm-none-eabi-5_4-2016q2/arm-none-eabi/lib/armv7-m/libc.a(lib_a-fini.o)
                0x00003278                __libc_fini_array
 .text.__register_exitproc
                0x000032a0       0xa4 /opt/setup/gcc-arm-none-eabi-5_4-2016q2/arm-none-eabi/lib/armv7-m/libc.a(lib_a-__atexit.o)
                0x000032a0                __register_exitproc
 *(.init)
 .init          0x00003344        0x4 /opt/setup/gcc-arm-none-eabi-5_4-2016q2/bin/../lib/gcc/arm-none-eabi/5.4.1/armv7-m/crti.o
                0x00003344                _init
 .init          0x00003348        0x8 /opt/setup/gcc-arm-none-eabi-5_4-2016q2/bin/../lib/gcc/arm-none-eabi/5.4.1/armv7-m/crtn.o
 *(.fini)
 .fini          0x00003350        0x4 /opt/setup/gcc-arm-none-eabi-5_4-2016q2/bin/../lib/gcc/arm-none-eabi/5.4.1/armv7-m/crti.o
                0x00003350                _fini
 .fini          0x00003354        0x8 /opt/setup/gcc-arm-none-eabi-5_4-2016q2/bin/../lib/gcc/arm-none-eabi/5.4.1/armv7-m/crtn.o
 *crtbegin.o(.ctors)
 *crtbegin?.o(.ctors)
 *(EXCLUDE_FILE(*crtend.o *crtend?.o) .ctors)
 *(SORT(.ctors.*))
 *(.ctors)
 *crtbegin.o(.dtors)
 *crtbegin?.o(.dtors)
 *(EXCLUDE_FILE(*crtend.o *crtend?.o) .dtors)
 *(SORT(.dtors.*))
 *(.dtors)
 *(.rodata*)
 .rodata        0x0000335c       0x83 main.o
 *fill*         0x000033df        0x1 
 .rodata        0x000033e0      0x56f uart.o
 *fill*         0x0000394f        0x1 
 .rodata.str1.4
                0x00003950        0x4 /opt/setup/gcc-arm-none-eabi-5_4-2016q2/arm-none-eabi/lib/armv7-m/libc.a(lib_a-impure.o)
                                  0x2 (size before relaxing)
 .rodata._global_impure_ptr
                0x00003954        0x4 /opt/setup/gcc-arm-none-eabi-5_4-2016q2/arm-none-eabi/lib/armv7-m/libc.a(lib_a-impure.o)
                0x00003954                _global_impure_ptr
 *(.eh_frame*)
 .eh_frame      0x00003958        0x0 /opt/setup/gcc-arm-none-eabi-5_4-2016q2/bin/../lib/gcc/arm-none-eabi/5.4.1/armv7-m/crtbegin.o
 .eh_frame      0x00003958        0x4 /opt/setup/gcc-arm-none-eabi-5_4-2016q2/bin/../lib/gcc/arm-none-eabi/5.4.1/armv7-m/crtend.o

.glue_7         0x0000395c        0x0
 .glue_7        0x0000395c        0x0 linker stubs

.glue_7t        0x0000395c        0x0
 .glue_7t       0x0000395c        0x0 linker stubs

.vfp11_veneer   0x0000395c        0x0
 .vfp11_veneer  0x0000395c        0x0 linker stubs

.v4_bx          0x0000395c        0x0
 .v4_bx         0x0000395c        0x0 linker stubs

.iplt           0x0000395c        0x0
 .iplt          0x0000395c        0x0 /opt/setup/gcc-arm-none-eabi-5_4-2016q2/bin/../lib/gcc/arm-none-eabi/5.4.1/armv7-m/crtbegin.o

.rel.dyn        0x0000395c        0x0
 .rel.iplt      0x0000395c        0x0 /opt/setup/gcc-arm-none-eabi-5_4-2016q2/bin/../lib/gcc/arm-none-eabi/5.4.1/armv7-m/crtbegin.o

.ARM.extab
 *(.ARM.extab* .gnu.linkonce.armextab.*)
                0x0000395c                __exidx_start = .

.ARM.exidx
 *(.ARM.exidx* .gnu.linkonce.armexidx.*)
                0x0000395c                __exidx_end = .
                0x0000395c                __etext = .
                0x0000395c                __sidata = __etext

.data           0x100000c8      0x594 load address 0x0000395c
                0x100000c8                __data_start__ = .
 *(vtable)
 *(.data*)
 .data.wr_flag  0x100000c8        0x4 uart.o
 .data.rd_flag  0x100000cc        0x4 uart.o
 .data.wr_flag0
                0x100000d0        0x4 uart.o
 .data.rd_flag0
                0x100000d4        0x4 uart.o
 .data.send     0x100000d8      0x100 uart.o
                0x100000d8                send
 .data.tag1     0x100001d8        0xe uart.o
                0x100001d8                tag1
 *fill*         0x100001e6        0x2 
 .data.tag2     0x100001e8        0xe uart.o
                0x100001e8                tag2
 *fill*         0x100001f6        0x2 
 .data.tag3     0x100001f8        0xe uart.o
                0x100001f8                tag3
 *fill*         0x10000206        0x2 
 .data.tag4     0x10000208        0xe uart.o
                0x10000208                tag4
 *fill*         0x10000216        0x2 
 .data.tag5     0x10000218        0xe uart.o
                0x10000218                tag5
 *fill*         0x10000226        0x2 
 .data.impure_data
                0x10000228      0x428 /opt/setup/gcc-arm-none-eabi-5_4-2016q2/arm-none-eabi/lib/armv7-m/libc.a(lib_a-impure.o)
                0x10000650                . = ALIGN (0x4)
                0x10000650                PROVIDE (__preinit_array_start, .)
 *(.preinit_array)
                0x10000650                PROVIDE (__preinit_array_end, .)
                0x10000650                . = ALIGN (0x4)
                0x10000650                PROVIDE (__init_array_start, .)
 *(SORT(.init_array.*))
 .init_array.00000
                0x10000650        0x4 /opt/setup/gcc-arm-none-eabi-5_4-2016q2/arm-none-eabi/lib/armv7-m/libc.a(lib_a-__call_atexit.o)
 *(.init_array)
 .init_array    0x10000654        0x4 /opt/setup/gcc-arm-none-eabi-5_4-2016q2/bin/../lib/gcc/arm-none-eabi/5.4.1/armv7-m/crtbegin.o
                0x10000658                PROVIDE (__init_array_end, .)
                0x10000658                . = ALIGN (0x4)
                0x10000658                PROVIDE (__fini_array_start, .)
 *(SORT(.fini_array.*))
 *(.fini_array)
 .fini_array    0x10000658        0x4 /opt/setup/gcc-arm-none-eabi-5_4-2016q2/bin/../lib/gcc/arm-none-eabi/5.4.1/armv7-m/crtbegin.o
                0x1000065c                PROVIDE (__fini_array_end, .)
                0x1000065c                . = ALIGN (0x4)
                0x1000065c                __data_end__ = .

.jcr            0x1000065c        0x0 load address 0x00003ef0
 .jcr           0x1000065c        0x0 /opt/setup/gcc-arm-none-eabi-5_4-2016q2/bin/../lib/gcc/arm-none-eabi/5.4.1/armv7-m/crtbegin.o

.igot.plt       0x1000065c        0x0 load address 0x00003ef0
 .igot.plt      0x1000065c        0x0 /opt/setup/gcc-arm-none-eabi-5_4-2016q2/bin/../lib/gcc/arm-none-eabi/5.4.1/armv7-m/crtbegin.o

.stackarea      0x1000065c      0x800 load address 0x00003ef0
 .stackarea     0x1000065c      0x800 startup_LPC17xx.o
                0x1000065c                pulStack

.bss            0x10000e5c       0x3c load address 0x000046f0
                0x10000e5c                __bss_start__ = .
 *(.bss*)
 .bss           0x10000e5c       0x1c /opt/setup/gcc-arm-none-eabi-5_4-2016q2/bin/../lib/gcc/arm-none-eabi/5.4.1/armv7-m/crtbegin.o
 .bss.wr_index  0x10000e78        0x4 uart.o
 .bss.wr_string
                0x10000e7c        0x4 uart.o
 .bss.rd_index  0x10000e80        0x4 uart.o
 .bss.rd_string
                0x10000e84        0x4 uart.o
 .bss.wr_index0
                0x10000e88        0x4 uart.o
 .bss.wr_string0
                0x10000e8c        0x4 uart.o
 .bss.rd_index0
                0x10000e90        0x4 uart.o
 .bss.rd_string0
                0x10000e94        0x4 uart.o
 *(COMMON)
                0x10000e98                __bss_end__ = .

.heap           0x10000e98        0x0
                0x10000e98                __end__ = .
                0x10000e98                end = __end__
 *(.heap*)
                0x10000e98                __HeapLimit = .

.stack_dummy    0x10000e98        0x0
 *(.stack)
                0x10008000                __StackTop = (ORIGIN (RAM) + LENGTH (RAM))
                0x10008000                __StackLimit = (__StackTop - SIZEOF (.stack_dummy))
                0x10008000                PROVIDE (__stack, __StackTop)
                0x00000001                ASSERT ((__StackLimit >= __HeapLimit), region RAM overflowed with stack)
OUTPUT(Project.elf elf32-littlearm)

.ARM.attributes
                0x00000000       0x29
 .ARM.attributes
                0x00000000       0x1d /opt/setup/gcc-arm-none-eabi-5_4-2016q2/bin/../lib/gcc/arm-none-eabi/5.4.1/armv7-m/crti.o
 .ARM.attributes
                0x0000001d       0x2d /opt/setup/gcc-arm-none-eabi-5_4-2016q2/bin/../lib/gcc/arm-none-eabi/5.4.1/armv7-m/crtbegin.o
 .ARM.attributes
                0x0000004a       0x33 main.o
 .ARM.attributes
                0x0000007d       0x33 startup_LPC17xx.o
 .ARM.attributes
                0x000000b0       0x33 system_LPC17xx.o
 .ARM.attributes
                0x000000e3       0x33 keypad.o
 .ARM.attributes
                0x00000116       0x33 uart.o
 .ARM.attributes
                0x00000149       0x2d /opt/setup/gcc-arm-none-eabi-5_4-2016q2/arm-none-eabi/lib/armv7-m/libc.a(lib_a-impure.o)
 .ARM.attributes
                0x00000176       0x2d /opt/setup/gcc-arm-none-eabi-5_4-2016q2/arm-none-eabi/lib/armv7-m/libc.a(lib_a-strlen-stub.o)
 .ARM.attributes
                0x000001a3       0x2d /opt/setup/gcc-arm-none-eabi-5_4-2016q2/arm-none-eabi/lib/armv7-m/libc.a(lib_a-strncmp.o)
 .ARM.attributes
                0x000001d0       0x2d /opt/setup/gcc-arm-none-eabi-5_4-2016q2/arm-none-eabi/lib/armv7-m/libc.a(lib_a-__call_atexit.o)
 .ARM.attributes
                0x000001fd       0x2d /opt/setup/gcc-arm-none-eabi-5_4-2016q2/arm-none-eabi/lib/armv7-m/libc.a(lib_a-atexit.o)
 .ARM.attributes
                0x0000022a       0x2d /opt/setup/gcc-arm-none-eabi-5_4-2016q2/arm-none-eabi/lib/armv7-m/libc.a(lib_a-fini.o)
 .ARM.attributes
                0x00000257       0x2d /opt/setup/gcc-arm-none-eabi-5_4-2016q2/arm-none-eabi/lib/armv7-m/libc.a(lib_a-__atexit.o)
 .ARM.attributes
                0x00000284       0x2d /opt/setup/gcc-arm-none-eabi-5_4-2016q2/bin/../lib/gcc/arm-none-eabi/5.4.1/armv7-m/crtend.o
 .ARM.attributes
                0x000002b1       0x1d /opt/setup/gcc-arm-none-eabi-5_4-2016q2/bin/../lib/gcc/arm-none-eabi/5.4.1/armv7-m/crtn.o

.comment        0x00000000       0x6e
 .comment       0x00000000       0x6e main.o
                                 0x6f (size before relaxing)
 .comment       0x0000006e       0x6f startup_LPC17xx.o
 .comment       0x0000006e       0x6f system_LPC17xx.o
 .comment       0x0000006e       0x6f keypad.o
 .comment       0x0000006e       0x6f uart.o

.debug_frame    0x00000000      0x14c
 .debug_frame   0x00000000       0x20 /opt/setup/gcc-arm-none-eabi-5_4-2016q2/arm-none-eabi/lib/armv7-m/libc.a(lib_a-strlen-stub.o)
 .debug_frame   0x00000020       0x54 /opt/setup/gcc-arm-none-eabi-5_4-2016q2/arm-none-eabi/lib/armv7-m/libc.a(lib_a-strncmp.o)
 .debug_frame   0x00000074       0x50 /opt/setup/gcc-arm-none-eabi-5_4-2016q2/arm-none-eabi/lib/armv7-m/libc.a(lib_a-__call_atexit.o)
 .debug_frame   0x000000c4       0x20 /opt/setup/gcc-arm-none-eabi-5_4-2016q2/arm-none-eabi/lib/armv7-m/libc.a(lib_a-atexit.o)
 .debug_frame   0x000000e4       0x34 /opt/setup/gcc-arm-none-eabi-5_4-2016q2/arm-none-eabi/lib/armv7-m/libc.a(lib_a-fini.o)
 .debug_frame   0x00000118       0x34 /opt/setup/gcc-arm-none-eabi-5_4-2016q2/arm-none-eabi/lib/armv7-m/libc.a(lib_a-__atexit.o)
